// Jest Snapshot v1, https://goo.gl/fbAQLP

exports[`Test Counter view state snapshot 1`] = `
<div>
  <div
    class="counter"
    id="sample-counter"
  >
    <button
      id="counter-sub"
    >
      -
    </button>
    <span
      id="counter-value"
    >
      1313
    </span>
    <button
      id="counter-add"
    >
      +
    </button>
  </div>
</div>
`;
