// Jest Snapshot v1, https://goo.gl/fbAQLP

exports[`Test ParentChild view state snapshot initial 1`] = `
<div>
  <div>
    <div>
      <div
        class="counter"
        id="sample-counter"
      >
        <button
          id="counter-sub"
        >
          -
        </button>
        <span
          id="counter-value"
        >
          0
        </span>
        <button
          id="counter-add"
        >
          +
        </button>
      </div>
    </div>
    <div>
      <div
        class="counter"
        id="sample-counter"
      >
        <button
          id="counter-sub"
        >
          -
        </button>
        <span
          id="counter-value"
        >
          0
        </span>
        <button
          id="counter-add"
        >
          +
        </button>
      </div>
    </div>
    <div>
      <div
        class="counter"
        id="sample-counter"
      >
        <button
          id="counter-sub"
        >
          -
        </button>
        <span
          id="counter-value"
        >
          0
        </span>
        <button
          id="counter-add"
        >
          +
        </button>
      </div>
    </div>
  </div>
</div>
`;
